
Efinity Interface Designer Timing Report
Version: 2022.2.322.4.7
Date: 2023-05-06 13:40

Copyright (C) 2017 - 2022 Efinix Inc. All rights reserved.

Device: T20F256
Project: WES207_basic
Timing Model: I4 (final)

---------- 1. GPIO Timing Report (begin) ----------

Non-registered GPIO Configuration:
===================================

+---------------+-------------+-----------+----------+----------+
| Instance Name |   Pin Name  | Parameter | Max (ns) | Min (ns) |
+---------------+-------------+-----------+----------+----------+
|   INPUT_CLK   |  INPUT_CLK  |  GPIO_IN  |  1.396   |  0.698   |
|      MOSI     |     MOSI    |  GPIO_IN  |  1.396   |  0.698   |
|    reset_n    |   reset_n   |  GPIO_IN  |  1.396   |  0.698   |
|      SCLK     |     SCLK    |  GPIO_IN  |  1.396   |  0.698   |
|      SSB      |     SSB     |  GPIO_IN  |  1.396   |  0.698   |
|  gpo_pins[0]  | gpo_pins[0] |  GPIO_OUT |  3.829   |  1.915   |
|  gpo_pins[1]  | gpo_pins[1] |  GPIO_OUT |  3.829   |  1.915   |
|  gpo_pins[2]  | gpo_pins[2] |  GPIO_OUT |  3.829   |  1.915   |
|  gpo_pins[3]  | gpo_pins[3] |  GPIO_OUT |  3.829   |  1.915   |
|  gpo_pins[4]  | gpo_pins[4] |  GPIO_OUT |  3.829   |  1.915   |
|  gpo_pins[5]  | gpo_pins[5] |  GPIO_OUT |  3.829   |  1.915   |
|  gpo_pins[6]  | gpo_pins[6] |  GPIO_OUT |  3.829   |  1.915   |
|      led0     |     led0    |  GPIO_OUT |  3.566   |  1.783   |
|      led1     |     led1    |  GPIO_OUT |  3.566   |  1.783   |
|      MISO     |     MISO    |  GPIO_OUT |  3.829   |  1.915   |
+---------------+-------------+-----------+----------+----------+

---------- GPIO Timing Report (end) ----------
